// Jest Snapshot v1, https://goo.gl/fbAQLP

exports[`Filter Component Should match the snapshot 1`] = `
<form
  className="filter"
>
  <div
    className="form-items"
  >
    <label
      htmlFor="search"
    >
      Location
    </label>
    <input
      className="filter-options"
      name="search"
      onBlur={[Function]}
      onChange={[Function]}
      type="text"
      value=""
    />
  </div>
  <div
    className="form-items"
  >
    <label
      htmlFor="maxDistance"
    >
      Radius (miles)
    </label>
    <input
      className="filter-options"
      name="maxDistance"
      onChange={[Function]}
      type="number"
      value={20}
    />
  </div>
  <div
    className="form-items"
  >
    <label
      htmlFor="minStars"
    >
      Stars
    </label>
    <select
      className="filter-options"
      name="minStars"
      onChange={[Function]}
      value={0}
    >
      <option
        value={0}
      >
        All Ratings
      </option>
      <option
        value={1}
      >
        1
      </option>
      <option
        value={2}
      >
        2
      </option>
      <option
        value={3}
      >
        3
      </option>
      <option
        value={4}
      >
        4
      </option>
      <option
        value={5}
      >
        5
      </option>
    </select>
  </div>
  <div
    className="form-items"
  >
    <label
      htmlFor="minLength"
    >
      Min Trail Length (miles)
    </label>
    <input
      className="filter-options"
      name="minLength"
      onChange={[Function]}
      type="number"
      value={0}
    />
  </div>
  <div
    className="form-items"
  >
    <label
      htmlFor="sort"
    >
      Sort By
    </label>
    <select
      className="filter-options"
      name="sort"
      onChange={[Function]}
      value="quality"
    >
      <option
        value="quality"
      >
        Quality
      </option>
      <option
        value="distance"
      >
        Distance
      </option>
    </select>
  </div>
  <div
    className="submit-btn"
    onClick={[Function]}
    role="button"
  >
    Update Results
  </div>
</form>
`;
